Archive member included to satisfy reference by file (symbol)

C:/Program Files/SEGGER/SEGGER Embedded Studio for ARM 4.52b/lib/libc_v6m_t_le_eabi.a(libc_asm.o)
                              Output/audioSD_STM32F072RB Debug/Obj/stm32f0xx_rcc.o (__aeabi_uidiv)
C:/Program Files/SEGGER/SEGGER Embedded Studio for ARM 4.52b/lib/libc_v6m_t_le_eabi.a(libc2.o)
                              Output/audioSD_STM32F072RB Debug/Obj/SEGGER_RTT_SES.o (vsnprintf)
C:/Program Files/SEGGER/SEGGER Embedded Studio for ARM 4.52b/lib/libc_v6m_t_le_eabi.a(libc2_asm.o)
                              Output/audioSD_STM32F072RB Debug/Obj/SEGGER_RTT.o (memcpy)
C:/Program Files/SEGGER/SEGGER Embedded Studio for ARM 4.52b/lib/libc_v6m_t_le_eabi.a(libc.o)
                              C:/Program Files/SEGGER/SEGGER Embedded Studio for ARM 4.52b/lib/libc_v6m_t_le_eabi.a(libc2.o) (__heap_lock)
C:/Program Files/SEGGER/SEGGER Embedded Studio for ARM 4.52b/lib/libdebugio_v6m_t_le_eabi.a(libdebugio.o)
                              Output/audioSD_STM32F072RB Debug/Obj/thumb_crt0.o (debug_fopen)
C:/Program Files/SEGGER/SEGGER Embedded Studio for ARM 4.52b/lib/libdebugio_mempoll_v6m_t_le_eabi.a(mempoll_debug_operations.o)
                              C:/Program Files/SEGGER/SEGGER Embedded Studio for ARM 4.52b/lib/libdebugio_v6m_t_le_eabi.a(libdebugio.o) (__do_debug_operation)
C:/Program Files/SEGGER/SEGGER Embedded Studio for ARM 4.52b/lib/libdebugio_mempoll_v6m_t_le_eabi.a(do_nv_debug_operation.o)
                              C:/Program Files/SEGGER/SEGGER Embedded Studio for ARM 4.52b/lib/libdebugio_v6m_t_le_eabi.a(libdebugio.o) (__do_nvdebug_operation)
C:/Program Files/SEGGER/SEGGER Embedded Studio for ARM 4.52b/lib/libm_v6m_t_le_eabi.a(libm_asm.o)
                              C:/Program Files/SEGGER/SEGGER Embedded Studio for ARM 4.52b/lib/libc_v6m_t_le_eabi.a(libc2.o) (__aeabi_fadd)
C:/Program Files/SEGGER/SEGGER Embedded Studio for ARM 4.52b/lib/libm_v6m_t_le_eabi.a(libm2.o)
                              C:/Program Files/SEGGER/SEGGER Embedded Studio for ARM 4.52b/lib/libvfprintf_v6m_t_le_eabi.o (frexp)

Discarded input sections

 .group         0x0000000000000000        0xc Output/audioSD_STM32F072RB Debug/Obj/SEGGER_RTT.o
 .group         0x0000000000000000        0xc Output/audioSD_STM32F072RB Debug/Obj/SEGGER_RTT.o
 .group         0x0000000000000000        0xc Output/audioSD_STM32F072RB Debug/Obj/SEGGER_RTT.o
 .group         0x0000000000000000        0xc Output/audioSD_STM32F072RB Debug/Obj/SEGGER_RTT.o
 .group         0x0000000000000000        0xc Output/audioSD_STM32F072RB Debug/Obj/SEGGER_RTT.o
 .group         0x0000000000000000        0xc Output/audioSD_STM32F072RB Debug/Obj/SEGGER_RTT.o
 .group         0x0000000000000000        0xc Output/audioSD_STM32F072RB Debug/Obj/SEGGER_RTT.o
 .group         0x0000000000000000        0xc Output/audioSD_STM32F072RB Debug/Obj/SEGGER_RTT.o
 .group         0x0000000000000000        0xc Output/audioSD_STM32F072RB Debug/Obj/SEGGER_RTT.o
 .group         0x0000000000000000        0xc Output/audioSD_STM32F072RB Debug/Obj/SEGGER_RTT.o
 .group         0x0000000000000000        0xc Output/audioSD_STM32F072RB Debug/Obj/SEGGER_RTT.o
 .group         0x0000000000000000        0xc Output/audioSD_STM32F072RB Debug/Obj/SEGGER_RTT.o
 .group         0x0000000000000000        0xc Output/audioSD_STM32F072RB Debug/Obj/SEGGER_RTT.o
 .group         0x0000000000000000        0xc Output/audioSD_STM32F072RB Debug/Obj/SEGGER_RTT.o
 .group         0x0000000000000000        0xc Output/audioSD_STM32F072RB Debug/Obj/SEGGER_RTT.o
 .text          0x0000000000000000        0x0 Output/audioSD_STM32F072RB Debug/Obj/SEGGER_RTT.o
 .data          0x0000000000000000        0x0 Output/audioSD_STM32F072RB Debug/Obj/SEGGER_RTT.o
 .bss           0x0000000000000000        0x0 Output/audioSD_STM32F072RB Debug/Obj/SEGGER_RTT.o
 .data._aTerminalId
                0x0000000000000000       0x10 Output/audioSD_STM32F072RB Debug/Obj/SEGGER_RTT.o
 .bss._SEGGER_RTT
                0x0000000000000000       0x78 Output/audioSD_STM32F072RB Debug/Obj/SEGGER_RTT.o
 .bss._acUpBuffer
                0x0000000000000000      0x400 Output/audioSD_STM32F072RB Debug/Obj/SEGGER_RTT.o
 .bss._acDownBuffer
                0x0000000000000000       0x10 Output/audioSD_STM32F072RB Debug/Obj/SEGGER_RTT.o
 .bss._ActiveTerminal
                0x0000000000000000        0x1 Output/audioSD_STM32F072RB Debug/Obj/SEGGER_RTT.o
 .rodata        0x0000000000000000       0x17 Output/audioSD_STM32F072RB Debug/Obj/SEGGER_RTT.o
 .text._DoInit  0x0000000000000000       0x9c Output/audioSD_STM32F072RB Debug/Obj/SEGGER_RTT.o
 .text._WriteBlocking
                0x0000000000000000       0xb0 Output/audioSD_STM32F072RB Debug/Obj/SEGGER_RTT.o
 .text._WriteNoCheck
                0x0000000000000000       0x7c Output/audioSD_STM32F072RB Debug/Obj/SEGGER_RTT.o
 .text._PostTerminalSwitch
                0x0000000000000000       0x38 Output/audioSD_STM32F072RB Debug/Obj/SEGGER_RTT.o
[...]
Memory Configuration

Name             Origin             Length             Attributes
UNPLACED_SECTIONS 0x0000000100000000 0x0000000000000000 xw
RAM              0x0000000020000000 0x0000000000004000 xw
FLASH            0x0000000008000000 0x0000000000020000 xr
*default*        0x0000000000000000 0xffffffffffffffff

Linker script and memory map

                0x0000000000000000                __vfprintf = __vfprintf_int_nwp
                0x0000000000000000                __vfscanf = __vfscanf_int
                0x0000000020000000                __RAM_segment_start__ = 0x20000000
                0x0000000020004000                __RAM_segment_end__ = 0x20004000
                0x0000000000004000                __RAM_segment_size__ = 0x4000
                0x0000000008000000                __FLASH_segment_start__ = 0x8000000
                0x0000000008020000                __FLASH_segment_end__ = 0x8020000
                0x0000000000020000                __FLASH_segment_size__ = 0x20000
                0x0000000000000100                __HEAPSIZE__ = 0x100
                0x0000000000000000                __STACKSIZE_PROCESS__ = 0x0
                0x0000000000000100                __STACKSIZE__ = 0x100
                0x0000000020000000                __vectors_ram_load_start__ = ALIGN (__RAM_segment_start__, 0x100)

.vectors_ram    0x0000000020000000        0x0
                0x0000000020000000                __vectors_ram_start__ = .
 *(.vectors_ram .vectors_ram.*)
                0x0000000020000000                __vectors_ram_end__ = (__vectors_ram_start__ + SIZEOF (.vectors_ram))
                0x0000000000000000                __vectors_ram_size__ = SIZEOF (.vectors_ram)
                0x0000000020000000                __vectors_ram_load_end__ = __vectors_ram_end__
                0x0000000000000001                . = ASSERT (((__vectors_ram_start__ == __vectors_ram_end__) || ((__vectors_ram_end__ - __RAM_segment_start__) <= __RAM_segment_size__)), error: .vectors_ram is too large to fit in RAM memory segment)
                0x0000000008000000                __vectors_load_start__ = ALIGN (__FLASH_segment_start__, 0x100)

.vectors        0x0000000008000000       0xc0
                0x0000000008000000                __vectors_start__ = .
 *(.vectors .vectors.*)
 .vectors       0x0000000008000000       0xc0 Output/audioSD_STM32F072RB Debug/Obj/STM32F0x2_Vectors.o
                0x0000000008000000                _vectors
                0x00000000080000c0                __vectors_end__ = (__vectors_start__ + SIZEOF (.vectors))
                0x00000000000000c0                __vectors_size__ = SIZEOF (.vectors)
                0x00000000080000c0                __vectors_load_end__ = __vectors_end__
                0x0000000000000001                . = ASSERT (((__vectors_start__ == __vectors_end__) || ((__vectors_end__ - __FLASH_segment_start__) <= __FLASH_segment_size__)), error: .vectors is too large to fit in FLASH memory segment)
                0x00000000080000c0                __init_load_start__ = ALIGN (__vectors_end__, 0x4)

.init           0x00000000080000c0      0x1c4
                0x00000000080000c0                __init_start__ = .
 *(.init .init.*)
 .init          0x00000000080000c0      0x154 Output/audioSD_STM32F072RB Debug/Obj/thumb_crt0.o
                0x00000000080000c0                _start
                0x0000000008000170                exit
 .init          0x0000000008000214       0x28 Output/audioSD_STM32F072RB Debug/Obj/STM32F0xx_Startup.o
                0x0000000008000214                Reset_Handler
 .init          0x000000000800023c       0x48 Output/audioSD_STM32F072RB Debug/Obj/STM32F0x2_Vectors.o
                0x000000000800023c                NMI_Handler
                0x000000000800023e                HardFault_Handler
                0x0000000008000240                SVC_Handler
                0x0000000008000242                PendSV_Handler
                0x0000000008000244                SysTick_Handler
                0x0000000008000248                WWDG_IRQHandler
                0x000000000800024a                PVD_IRQHandler
                0x000000000800024c                RTC_IRQHandler
                0x000000000800024e                FLASH_IRQHandler
                0x0000000008000250                RCC_CRS_IRQHandler
                0x0000000008000252                EXTI0_1_IRQHandler
                0x0000000008000254                EXTI2_3_IRQHandler
                0x0000000008000256                EXTI4_15_IRQHandler
                0x0000000008000258                TSC_IRQHandler
                0x000000000800025a                DMA1_CH1_IRQHandler
                0x000000000800025c                ADC_COMP_IRQHandler
                0x000000000800025e                TIM1_BRK_UP_TRG_COM_IRQHandler
                0x0000000008000260                TIM1_CC_IRQHandler
                0x0000000008000262                TIM2_IRQHandler
                0x0000000008000264                TIM3_IRQHandler
                0x0000000008000266                TIM6_DAC_IRQHandler
                0x0000000008000268                TIM7_IRQHandler
                0x000000000800026a                TIM14_IRQHandler
                0x000000000800026c                TIM15_IRQHandler
                0x000000000800026e                TIM16_IRQHandler
                0x0000000008000270                TIM17_IRQHandler
                0x0000000008000272                I2C1_IRQHandler
                0x0000000008000274                I2C2_IRQHandler
                0x0000000008000276                SPI1_IRQHandler
                0x0000000008000278                SPI2_IRQHandler
                0x000000000800027a                USART1_IRQHandler
                0x000000000800027c                USART2_IRQHandler
                0x000000000800027e                USART3_4_IRQHandler
                0x0000000008000280                CEC_CAN_IRQHandler
                0x0000000008000282                USB_IRQHandler
                0x0000000008000284                __init_end__ = (__init_start__ + SIZEOF (.init))
                0x00000000000001c4                __init_size__ = SIZEOF (.init)
                0x0000000008000284                __init_load_end__ = __init_end__
                0x0000000000000001                . = ASSERT (((__init_start__ == __init_end__) || ((__init_end__ - __FLASH_segment_start__) <= __FLASH_segment_size__)), error: .init is too large to fit in FLASH memory segment)
                0x0000000008000284                __init_rodata_load_start__ = ALIGN (__init_end__, 0x4)

.init_rodata    0x0000000008000284        0x0
                0x0000000008000284                __init_rodata_start__ = .
 *(.init_rodata .init_rodata.*)
                0x0000000008000284                __init_rodata_end__ = (__init_rodata_start__ + SIZEOF (.init_rodata))
                0x0000000000000000                __init_rodata_size__ = SIZEOF (.init_rodata)
                0x0000000008000284                __init_rodata_load_end__ = __init_rodata_end__
                0x0000000000000001                . = ASSERT (((__init_rodata_start__ == __init_rodata_end__) || ((__init_rodata_end__ - __FLASH_segment_start__) <= __FLASH_segment_size__)), error: .init_rodata is too large to fit in FLASH memory segment)
                0x0000000008000284                __text_load_start__ = ALIGN (__init_rodata_end__, 0x4)

.text           0x0000000008000284      0xc90
                0x0000000008000284                __text_start__ = .
 *(.text .text.* .glue_7t .glue_7 .gnu.linkonce.t.* .gcc_except_table .ARM.extab* .gnu.linkonce.armextab.*)
 .glue_7        0x0000000008000284        0x0 linker stubs
 .glue_7t       0x0000000008000284        0x0 linker stubs
 .text.main     0x0000000008000284      0x3b8 Output/audioSD_STM32F072RB Debug/Obj/main.o
                0x0000000008000284                main
 .text.sendCMD  0x000000000800063c       0x80 Output/audioSD_STM32F072RB Debug/Obj/main.o
                0x000000000800063c                sendCMD
 .text.SPI_xfer
                0x00000000080006bc       0x3c Output/audioSD_STM32F072RB Debug/Obj/main.o
                0x00000000080006bc                SPI_xfer
 .text.GPIO_DeInit
                0x00000000080006f8       0xec Output/audioSD_STM32F072RB Debug/Obj/stm32f0xx_gpio.o
                0x00000000080006f8                GPIO_DeInit
 .text.GPIO_Init
                0x00000000080007e4      0x122 Output/audioSD_STM32F072RB Debug/Obj/stm32f0xx_gpio.o
                0x00000000080007e4                GPIO_Init
 .text.GPIO_ReadInputDataBit
                0x0000000008000906       0x46 Output/audioSD_STM32F072RB Debug/Obj/stm32f0xx_gpio.o
                0x0000000008000906                GPIO_ReadInputDataBit
 .text.GPIO_SetBits
                0x000000000800094c       0x1c Output/audioSD_STM32F072RB Debug/Obj/stm32f0xx_gpio.o
                0x000000000800094c                GPIO_SetBits
 .text.GPIO_ResetBits
                0x0000000008000968       0x1c Output/audioSD_STM32F072RB Debug/Obj/stm32f0xx_gpio.o
                0x0000000008000968                GPIO_ResetBits
 .text.GPIO_PinAFConfig
                0x0000000008000984       0xb0 Output/audioSD_STM32F072RB Debug/Obj/stm32f0xx_gpio.o
                0x0000000008000984                GPIO_PinAFConfig
 .text.RCC_PCLKConfig
                0x0000000008000a34       0x34 Output/audioSD_STM32F072RB Debug/Obj/stm32f0xx_rcc.o
                0x0000000008000a34                RCC_PCLKConfig
 .text.RCC_AHBPeriphClockCmd
                0x0000000008000a68       0x3c Output/audioSD_STM32F072RB Debug/Obj/stm32f0xx_rcc.o
                0x0000000008000a68                RCC_AHBPeriphClockCmd
 .text.RCC_APB2PeriphClockCmd
                0x0000000008000aa4       0x3c Output/audioSD_STM32F072RB Debug/Obj/stm32f0xx_rcc.o
                0x0000000008000aa4                RCC_APB2PeriphClockCmd
 .text.RCC_AHBPeriphResetCmd
                0x0000000008000ae0       0x3c Output/audioSD_STM32F072RB Debug/Obj/stm32f0xx_rcc.o
                0x0000000008000ae0                RCC_AHBPeriphResetCmd
 .text.RCC_APB2PeriphResetCmd
                0x0000000008000b1c       0x3c Output/audioSD_STM32F072RB Debug/Obj/stm32f0xx_rcc.o
                0x0000000008000b1c                RCC_APB2PeriphResetCmd
 .text.RCC_APB1PeriphResetCmd
                0x0000000008000b58       0x3c Output/audioSD_STM32F072RB Debug/Obj/stm32f0xx_rcc.o
                0x0000000008000b58                RCC_APB1PeriphResetCmd
 .text.SPI_I2S_DeInit
                0x0000000008000b94       0x58 Output/audioSD_STM32F072RB Debug/Obj/stm32f0xx_spi.o
                0x0000000008000b94                SPI_I2S_DeInit
 .text.SPI_Init
                0x0000000008000bec      0x100 Output/audioSD_STM32F072RB Debug/Obj/stm32f0xx_spi.o
                0x0000000008000bec                SPI_Init
 .text.SPI_Cmd  0x0000000008000cec       0x3e Output/audioSD_STM32F072RB Debug/Obj/stm32f0xx_spi.o
                0x0000000008000cec                SPI_Cmd
 *fill*         0x0000000008000d2a        0x2 
 .text.SPI_RxFIFOThresholdConfig
                0x0000000008000d2c       0x3c Output/audioSD_STM32F072RB Debug/Obj/stm32f0xx_spi.o
                0x0000000008000d2c                SPI_RxFIFOThresholdConfig
 .text.SPI_SendData8
                0x0000000008000d68       0x2a Output/audioSD_STM32F072RB Debug/Obj/stm32f0xx_spi.o
                0x0000000008000d68                SPI_SendData8
 .text.SPI_ReceiveData8
                0x0000000008000d92       0x1e Output/audioSD_STM32F072RB Debug/Obj/stm32f0xx_spi.o
                0x0000000008000d92                SPI_ReceiveData8
 .text.SystemInit
                0x0000000008000db0       0x88 Output/audioSD_STM32F072RB Debug/Obj/system_stm32f0xx.o
                0x0000000008000db0                SystemInit
 .text.SetSysClock
                0x0000000008000e38       0xdc Output/audioSD_STM32F072RB Debug/Obj/system_stm32f0xx.o
                0x0000000008000f14                __text_end__ = (__text_start__ + SIZEOF (.text))
                0x0000000000000c90                __text_size__ = SIZEOF (.text)
                0x0000000008000f14                __text_load_end__ = __text_end__

.vfp11_veneer   0x0000000100000000        0x0
 .vfp11_veneer  0x0000000100000000        0x0 linker stubs

.v4_bx          0x0000000100000000        0x0
 .v4_bx         0x0000000100000000        0x0 linker stubs

.iplt           0x0000000100000000        0x0
 .iplt          0x0000000100000000        0x0 Output/audioSD_STM32F072RB Debug/Obj/main.o

.rel.dyn        0x0000000008000000        0x0
 .rel.iplt      0x0000000008000000        0x0 Output/audioSD_STM32F072RB Debug/Obj/main.o
                0x0000000000000001                . = ASSERT (((__text_start__ == __text_end__) || ((__text_end__ - __FLASH_segment_start__) <= __FLASH_segment_size__)), error: .text is too large to fit in FLASH memory segment)
                0x0000000008000f14                __dtors_load_start__ = ALIGN (__text_end__, 0x4)

.dtors          0x0000000008000f14        0x0
                0x0000000008000f14                __dtors_start__ = .
 *(SORT_BY_NAME(.dtors.*))
 *(.dtors)
 *(.fini_array)
 *(SORT_BY_NAME(.fini_array.*))
                0x0000000008000f14                __dtors_end__ = (__dtors_start__ + SIZEOF (.dtors))
                0x0000000000000000                __dtors_size__ = SIZEOF (.dtors)
                0x0000000008000f14                __dtors_load_end__ = __dtors_end__
                0x0000000000000001                . = ASSERT (((__dtors_start__ == __dtors_end__) || ((__dtors_end__ - __FLASH_segment_start__) <= __FLASH_segment_size__)), error: .dtors is too large to fit in FLASH memory segment)
                0x0000000008000f14                __ctors_load_start__ = ALIGN (__dtors_end__, 0x4)

.ctors          0x0000000008000f14        0x0
                0x0000000008000f14                __ctors_start__ = .
 *(SORT_BY_NAME(.ctors.*))
 *(.ctors)
 *(.init_array)
 *(SORT_BY_NAME(.init_array.*))
                0x0000000008000f14                __ctors_end__ = (__ctors_start__ + SIZEOF (.ctors))
                0x0000000000000000                __ctors_size__ = SIZEOF (.ctors)
                0x0000000008000f14                __ctors_load_end__ = __ctors_end__
                0x0000000000000001                . = ASSERT (((__ctors_start__ == __ctors_end__) || ((__ctors_end__ - __FLASH_segment_start__) <= __FLASH_segment_size__)), error: .ctors is too large to fit in FLASH memory segment)
                0x0000000008000f14                __rodata_load_start__ = ALIGN (__ctors_end__, 0x4)

.rodata         0x0000000008000f14        0x0
                0x0000000008000f14                __rodata_start__ = .
 *(.rodata .rodata.* .gnu.linkonce.r.*)
                0x0000000008000f14                __rodata_end__ = (__rodata_start__ + SIZEOF (.rodata))
                0x0000000000000000                __rodata_size__ = SIZEOF (.rodata)
                0x0000000008000f14                __rodata_load_end__ = __rodata_end__
                0x0000000000000001                . = ASSERT (((__rodata_start__ == __rodata_end__) || ((__rodata_end__ - __FLASH_segment_start__) <= __FLASH_segment_size__)), error: .rodata is too large to fit in FLASH memory segment)
                0x0000000008000f14                __ARM.exidx_load_start__ = ALIGN (__rodata_end__, 0x4)

.ARM.exidx      0x0000000008000f14        0x0
                0x0000000008000f14                __ARM.exidx_start__ = .
                0x0000000008000f14                __exidx_start = __ARM.exidx_start__
 *(.ARM.exidx .ARM.exidx.*)
                0x0000000008000f14                __ARM.exidx_end__ = (__ARM.exidx_start__ + SIZEOF (.ARM.exidx))
                0x0000000000000000                __ARM.exidx_size__ = SIZEOF (.ARM.exidx)
                0x0000000008000f14                __exidx_end = __ARM.exidx_end__
                0x0000000008000f14                __ARM.exidx_load_end__ = __ARM.exidx_end__
                0x0000000000000001                . = ASSERT (((__ARM.exidx_start__ == __ARM.exidx_end__) || ((__ARM.exidx_end__ - __FLASH_segment_start__) <= __FLASH_segment_size__)), error: .ARM.exidx is too large to fit in FLASH memory segment)
                0x0000000008000f14                __fast_load_start__ = ALIGN (__ARM.exidx_end__, 0x4)

.fast           0x0000000020000000        0x0 load address 0x0000000008000f14
                0x0000000020000000                __fast_start__ = .
 *(.fast .fast.*)
                0x0000000020000000                __fast_end__ = (__fast_start__ + SIZEOF (.fast))
                0x0000000000000000                __fast_size__ = SIZEOF (.fast)
                0x0000000008000f14                __fast_load_end__ = (__fast_load_start__ + SIZEOF (.fast))
                0x0000000000000001                . = ASSERT (((__fast_load_start__ == __fast_load_end__) || ((__fast_load_end__ - __FLASH_segment_start__) <= __FLASH_segment_size__)), error: .fast is too large to fit in FLASH memory segment)

.fast_run       0x0000000020000000        0x0
                0x0000000020000000                __fast_run_start__ = .
                0x0000000020000000                . = MAX ((__fast_run_start__ + SIZEOF (.fast)), .)
                0x0000000020000000                __fast_run_end__ = (__fast_run_start__ + SIZEOF (.fast_run))
                0x0000000000000000                __fast_run_size__ = SIZEOF (.fast_run)
                0x0000000020000000                __fast_run_load_end__ = __fast_run_end__
                0x0000000000000001                . = ASSERT (((__fast_run_start__ == __fast_run_end__) || ((__fast_run_end__ - __RAM_segment_start__) <= __RAM_segment_size__)), error: .fast_run is too large to fit in RAM memory segment)
                0x0000000008000f14                __data_load_start__ = ALIGN ((__fast_load_start__ + SIZEOF (.fast)), 0x4)

.data           0x0000000020000000        0x0 load address 0x0000000008000f14
                0x0000000020000000                __data_start__ = .
 *(.data .data.* .gnu.linkonce.d.*)
                0x0000000020000000                __data_end__ = (__data_start__ + SIZEOF (.data))
                0x0000000000000000                __data_size__ = SIZEOF (.data)
                0x0000000008000f14                __data_load_end__ = (__data_load_start__ + SIZEOF (.data))

.igot.plt       0x0000000100000000        0x0
 .igot.plt      0x0000000100000000        0x0 Output/audioSD_STM32F072RB Debug/Obj/main.o
                0x0000000000000001                . = ASSERT (((__data_load_start__ == __data_load_end__) || ((__data_load_end__ - __FLASH_segment_start__) <= __FLASH_segment_size__)), error: .data is too large to fit in FLASH memory segment)

.data_run       0x0000000020000000        0x0
                0x0000000020000000                __data_run_start__ = .
                0x0000000020000000                . = MAX ((__data_run_start__ + SIZEOF (.data)), .)
                0x0000000020000000                __data_run_end__ = (__data_run_start__ + SIZEOF (.data_run))
                0x0000000000000000                __data_run_size__ = SIZEOF (.data_run)
                0x0000000020000000                __data_run_load_end__ = __data_run_end__
                0x0000000000000001                . = ASSERT (((__data_run_start__ == __data_run_end__) || ((__data_run_end__ - __RAM_segment_start__) <= __RAM_segment_size__)), error: .data_run is too large to fit in RAM memory segment)
                0x0000000020000000                __bss_load_start__ = ALIGN (__data_run_end__, 0x4)

.bss            0x0000000020000000       0x1c
                0x0000000020000000                __bss_start__ = .
 *(.bss .bss.* .gnu.linkonce.b.*)
 .bss.SPI_InitStruct
                0x0000000020000000       0x12 Output/audioSD_STM32F072RB Debug/Obj/main.o
                0x0000000020000000                SPI_InitStruct
 *fill*         0x0000000020000012        0x2 
 .bss.GPIO_InitStruct
                0x0000000020000014        0x8 Output/audioSD_STM32F072RB Debug/Obj/main.o
                0x0000000020000014                GPIO_InitStruct
 *(COMMON)
                0x000000002000001c                __bss_end__ = (__bss_start__ + SIZEOF (.bss))
                0x000000000000001c                __bss_size__ = SIZEOF (.bss)
                0x000000002000001c                __bss_load_end__ = __bss_end__
                0x0000000000000001                . = ASSERT (((__bss_start__ == __bss_end__) || ((__bss_end__ - __RAM_segment_start__) <= __RAM_segment_size__)), error: .bss is too large to fit in RAM memory segment)
                0x000000002000001c                __tbss_load_start__ = ALIGN (__bss_end__, 0x4)

.tbss           0x000000002000001c        0x0
                0x000000002000001c                __tbss_start__ = .
 *(.tbss .tbss.*)
                0x000000002000001c                __tbss_end__ = (__tbss_start__ + SIZEOF (.tbss))
                0x0000000000000000                __tbss_size__ = SIZEOF (.tbss)
                0x000000002000001c                __tbss_load_end__ = __tbss_end__
                0x0000000000000001                . = ASSERT (((__tbss_start__ == __tbss_end__) || ((__tbss_end__ - __RAM_segment_start__) <= __RAM_segment_size__)), error: .tbss is too large to fit in RAM memory segment)
                0x0000000008000f14                __tdata_load_start__ = ALIGN ((__data_load_start__ + SIZEOF (.data)), 0x4)

.tdata          0x000000002000001c        0x0 load address 0x0000000008000f14
                0x000000002000001c                __tdata_start__ = .
 *(.tdata .tdata.*)
                0x000000002000001c                __tdata_end__ = (__tdata_start__ + SIZEOF (.tdata))
                0x0000000000000000                __tdata_size__ = SIZEOF (.tdata)
                0x0000000008000f14                __tdata_load_end__ = (__tdata_load_start__ + SIZEOF (.tdata))
                0x0000000008000f14                __FLASH_segment_used_end__ = (ALIGN ((__data_load_start__ + SIZEOF (.data)), 0x4) + SIZEOF (.tdata))
                0x0000000000000f14                __FLASH_segment_used_size__ = (__FLASH_segment_used_end__ - __FLASH_segment_start__)
                0x0000000000000001                . = ASSERT (((__tdata_load_start__ == __tdata_load_end__) || ((__tdata_load_end__ - __FLASH_segment_start__) <= __FLASH_segment_size__)), error: .tdata is too large to fit in FLASH memory segment)

.tdata_run      0x000000002000001c        0x0
                0x000000002000001c                __tdata_run_start__ = .
                0x000000002000001c                . = MAX ((__tdata_run_start__ + SIZEOF (.tdata)), .)
                0x000000002000001c                __tdata_run_end__ = (__tdata_run_start__ + SIZEOF (.tdata_run))
                0x0000000000000000                __tdata_run_size__ = SIZEOF (.tdata_run)
                0x000000002000001c                __tdata_run_load_end__ = __tdata_run_end__
                0x0000000000000001                . = ASSERT (((__tdata_run_start__ == __tdata_run_end__) || ((__tdata_run_end__ - __RAM_segment_start__) <= __RAM_segment_size__)), error: .tdata_run is too large to fit in RAM memory segment)
                0x000000002000001c                __non_init_load_start__ = ALIGN (__tdata_run_end__, 0x4)

.non_init       0x000000002000001c        0x0
                0x000000002000001c                __non_init_start__ = .
 *(.non_init .non_init.*)
                0x000000002000001c                __non_init_end__ = (__non_init_start__ + SIZEOF (.non_init))
                0x0000000000000000                __non_init_size__ = SIZEOF (.non_init)
                0x000000002000001c                __non_init_load_end__ = __non_init_end__
                0x0000000000000001                . = ASSERT (((__non_init_start__ == __non_init_end__) || ((__non_init_end__ - __RAM_segment_start__) <= __RAM_segment_size__)), error: .non_init is too large to fit in RAM memory segment)
                0x000000002000001c                __heap_load_start__ = ALIGN (__non_init_end__, 0x4)

.heap           0x000000002000001c      0x100
                0x000000002000001c                __heap_start__ = .
 *(.heap .heap.*)
                0x000000002000011c                . = ALIGN (MAX ((__heap_start__ + __HEAPSIZE__), .), 0x4)
 *fill*         0x000000002000001c      0x100 
                0x000000002000011c                __heap_end__ = (__heap_start__ + SIZEOF (.heap))
                0x0000000000000100                __heap_size__ = SIZEOF (.heap)
                0x000000002000011c                __heap_load_end__ = __heap_end__
                0x0000000000000001                . = ASSERT (((__heap_start__ == __heap_end__) || ((__heap_end__ - __RAM_segment_start__) <= __RAM_segment_size__)), error: .heap is too large to fit in RAM memory segment)
                0x0000000020003f00                __stack_load_start__ = (__RAM_segment_start__ + (__RAM_segment_size__ - 0x100))

.stack          0x0000000020003f00      0x100
                0x0000000020003f00                __stack_start__ = .
 *(.stack .stack.*)
                0x0000000020004000                . = ALIGN (MAX ((__stack_start__ + __STACKSIZE__), .), 0x8)
 *fill*         0x0000000020003f00      0x100 
                0x0000000020004000                __stack_end__ = (__stack_start__ + SIZEOF (.stack))
                0x0000000000000100                __stack_size__ = SIZEOF (.stack)
                0x0000000020004000                __stack_load_end__ = __stack_end__
                0x0000000000000001                . = ASSERT (((__stack_start__ == __stack_end__) || ((__stack_end__ - __RAM_segment_start__) <= __RAM_segment_size__)), error: .stack is too large to fit in RAM memory segment)
                0x0000000000000001                . = ASSERT ((__heap_end__ <= __stack_start__), error: section .heap overlaps absolute placed section .stack)
                0x0000000020004000                __stack_process_load_start__ = ALIGN (__stack_end__, 0x8)

.stack_process  0x0000000020004000        0x0
                0x0000000020004000                __stack_process_start__ = .
 *(.stack_process .stack_process.*)
                0x0000000020004000                . = ALIGN (MAX ((__stack_process_start__ + __STACKSIZE_PROCESS__), .), 0x8)
                0x0000000020004000                __stack_process_end__ = (__stack_process_start__ + SIZEOF (.stack_process))
                0x0000000000000000                __stack_process_size__ = SIZEOF (.stack_process)
                0x0000000020004000                __stack_process_load_end__ = __stack_process_end__
                0x0000000020004000                __RAM_segment_used_end__ = (ALIGN (__stack_end__, 0x8) + SIZEOF (.stack_process))
                0x0000000000004000                __RAM_segment_used_size__ = (__RAM_segment_used_end__ - __RAM_segment_start__)
                0x0000000000000001                . = ASSERT (((__stack_process_start__ == __stack_process_end__) || ((__stack_process_end__ - __RAM_segment_start__) <= __RAM_segment_size__)), error: .stack_process is too large to fit in RAM memory segment)
START GROUP
LOAD Output/audioSD_STM32F072RB Debug/Obj/SEGGER_RTT.o
LOAD Output/audioSD_STM32F072RB Debug/Obj/SEGGER_RTT_SES.o
LOAD Output/audioSD_STM32F072RB Debug/Obj/main.o
LOAD Output/audioSD_STM32F072RB Debug/Obj/thumb_crt0.o
LOAD Output/audioSD_STM32F072RB Debug/Obj/STM32F0xx_Startup.o
LOAD Output/audioSD_STM32F072RB Debug/Obj/STM32F0x2_Vectors.o
LOAD Output/audioSD_STM32F072RB Debug/Obj/stm32f0xx_gpio.o
LOAD Output/audioSD_STM32F072RB Debug/Obj/stm32f0xx_rcc.o
LOAD Output/audioSD_STM32F072RB Debug/Obj/stm32f0xx_spi.o
LOAD Output/audioSD_STM32F072RB Debug/Obj/stm32f0xx_syscfg.o
LOAD Output/audioSD_STM32F072RB Debug/Obj/stm32f0xx_tim.o
LOAD Output/audioSD_STM32F072RB Debug/Obj/system_stm32f0xx.o
LOAD Output/audioSD_STM32F072RB Debug/Obj/startup_stm32f072.o
LOAD C:/Program Files/SEGGER/SEGGER Embedded Studio for ARM 4.52b/lib/libdebugio_mempoll_v6m_t_le_eabi.a
LOAD C:/Program Files/SEGGER/SEGGER Embedded Studio for ARM 4.52b/lib/libm_v6m_t_le_eabi.a
LOAD C:/Program Files/SEGGER/SEGGER Embedded Studio for ARM 4.52b/lib/libc_v6m_t_le_eabi.a
LOAD C:/Program Files/SEGGER/SEGGER Embedded Studio for ARM 4.52b/lib/libcpp_v6m_t_le_eabi.a
LOAD C:/Program Files/SEGGER/SEGGER Embedded Studio for ARM 4.52b/lib/libdebugio_v6m_t_le_eabi.a
LOAD C:/Program Files/SEGGER/SEGGER Embedded Studio for ARM 4.52b/lib/libvfprintf_v6m_t_le_eabi.o
LOAD C:/Program Files/SEGGER/SEGGER Embedded Studio for ARM 4.52b/lib/libvfscanf_v6m_t_le_eabi.o
END GROUP
OUTPUT(Output/Debug/Exe/audioSD_STM32F072RB.elf elf32-littlearm)

.debug_frame    0x0000000000000000      0x914
 .debug_frame   0x0000000000000000       0x74 Output/audioSD_STM32F072RB Debug/Obj/main.o
 .debug_frame   0x0000000000000074      0x150 Output/audioSD_STM32F072RB Debug/Obj/stm32f0xx_gpio.o
 .debug_frame   0x00000000000001c4      0x3e4 Output/audioSD_STM32F072RB Debug/Obj/stm32f0xx_rcc.o
 .debug_frame   0x00000000000005a8      0x308 Output/audioSD_STM32F072RB Debug/Obj/stm32f0xx_spi.o
 .debug_frame   0x00000000000008b0       0x64 Output/audioSD_STM32F072RB Debug/Obj/system_stm32f0xx.o

.debug_types    0x0000000000000000      0x90d
 .debug_types   0x0000000000000000       0xb0 Output/audioSD_STM32F072RB Debug/Obj/main.o
 .debug_types   0x00000000000000b0       0xbc Output/audioSD_STM32F072RB Debug/Obj/main.o
 .debug_types   0x000000000000016c       0x46 Output/audioSD_STM32F072RB Debug/Obj/main.o
 .debug_types   0x00000000000001b2       0x46 Output/audioSD_STM32F072RB Debug/Obj/main.o
 .debug_types   0x00000000000001f8       0x40 Output/audioSD_STM32F072RB Debug/Obj/main.o
 .debug_types   0x0000000000000238       0x4c Output/audioSD_STM32F072RB Debug/Obj/main.o
 .debug_types   0x0000000000000284      0x13b Output/audioSD_STM32F072RB Debug/Obj/main.o
 .debug_types   0x00000000000003bf      0x132 Output/audioSD_STM32F072RB Debug/Obj/main.o
 .debug_types   0x00000000000004f1       0x41 Output/audioSD_STM32F072RB Debug/Obj/main.o
 .debug_types   0x0000000000000532       0x40 Output/audioSD_STM32F072RB Debug/Obj/stm32f0xx_gpio.o
 .debug_types   0x0000000000000572       0xbd Output/audioSD_STM32F072RB Debug/Obj/stm32f0xx_rcc.o
 .debug_types   0x000000000000062f      0x104 Output/audioSD_STM32F072RB Debug/Obj/stm32f0xx_rcc.o
 .debug_types   0x0000000000000733       0x41 Output/audioSD_STM32F072RB Debug/Obj/stm32f0xx_rcc.o
 .debug_types   0x0000000000000774       0x41 Output/audioSD_STM32F072RB Debug/Obj/stm32f0xx_rcc.o
 .debug_types   0x00000000000007b5       0x9c Output/audioSD_STM32F072RB Debug/Obj/stm32f0xx_spi.o
 .debug_types   0x0000000000000851       0xbc Output/audioSD_STM32F072RB Debug/Obj/system_stm32f0xx.o

.debug_info     0x0000000000000000     0x1c03
 .debug_info    0x0000000000000000      0x3fe Output/audioSD_STM32F072RB Debug/Obj/main.o
 .debug_info    0x00000000000003fe       0x22 Output/audioSD_STM32F072RB Debug/Obj/thumb_crt0.o
 .debug_info    0x0000000000000420       0x26 Output/audioSD_STM32F072RB Debug/Obj/STM32F0xx_Startup.o
 .debug_info    0x0000000000000446       0x26 Output/audioSD_STM32F072RB Debug/Obj/STM32F0x2_Vectors.o
 .debug_info    0x000000000000046c      0x40a Output/audioSD_STM32F072RB Debug/Obj/stm32f0xx_gpio.o
 .debug_info    0x0000000000000876      0x93b Output/audioSD_STM32F072RB Debug/Obj/stm32f0xx_rcc.o
 .debug_info    0x00000000000011b1      0x8b8 Output/audioSD_STM32F072RB Debug/Obj/stm32f0xx_spi.o
 .debug_info    0x0000000000001a69      0x19a Output/audioSD_STM32F072RB Debug/Obj/system_stm32f0xx.o

.debug_abbrev   0x0000000000000000      0xa6c
 .debug_abbrev  0x0000000000000000      0x274 Output/audioSD_STM32F072RB Debug/Obj/main.o
 .debug_abbrev  0x0000000000000274       0x12 Output/audioSD_STM32F072RB Debug/Obj/thumb_crt0.o
 .debug_abbrev  0x0000000000000286       0x14 Output/audioSD_STM32F072RB Debug/Obj/STM32F0xx_Startup.o
 .debug_abbrev  0x000000000000029a       0x14 Output/audioSD_STM32F072RB Debug/Obj/STM32F0x2_Vectors.o
 .debug_abbrev  0x00000000000002ae      0x1e0 Output/audioSD_STM32F072RB Debug/Obj/stm32f0xx_gpio.o
 .debug_abbrev  0x000000000000048e      0x263 Output/audioSD_STM32F072RB Debug/Obj/stm32f0xx_rcc.o
 .debug_abbrev  0x00000000000006f1      0x1f6 Output/audioSD_STM32F072RB Debug/Obj/stm32f0xx_spi.o
 .debug_abbrev  0x00000000000008e7      0x185 Output/audioSD_STM32F072RB Debug/Obj/system_stm32f0xx.o

.debug_pubnames
                0x0000000000000000      0xb08
 .debug_pubnames
                0x0000000000000000      0x180 Output/audioSD_STM32F072RB Debug/Obj/main.o
 .debug_pubnames
                0x0000000000000180      0x231 Output/audioSD_STM32F072RB Debug/Obj/stm32f0xx_gpio.o
 .debug_pubnames
                0x00000000000003b1      0x3ec Output/audioSD_STM32F072RB Debug/Obj/stm32f0xx_rcc.o
 .debug_pubnames
                0x000000000000079d      0x2e8 Output/audioSD_STM32F072RB Debug/Obj/stm32f0xx_spi.o
 .debug_pubnames
                0x0000000000000a85       0x83 Output/audioSD_STM32F072RB Debug/Obj/system_stm32f0xx.o

.debug_pubtypes
                0x0000000000000000      0x5fd
 .debug_pubtypes
                0x0000000000000000      0x1af Output/audioSD_STM32F072RB Debug/Obj/main.o
 .debug_pubtypes
                0x00000000000001af       0xf9 Output/audioSD_STM32F072RB Debug/Obj/stm32f0xx_gpio.o
 .debug_pubtypes
                0x00000000000002a8      0x12b Output/audioSD_STM32F072RB Debug/Obj/stm32f0xx_rcc.o
 .debug_pubtypes
                0x00000000000003d3      0x143 Output/audioSD_STM32F072RB Debug/Obj/stm32f0xx_spi.o
 .debug_pubtypes
                0x0000000000000516       0xe7 Output/audioSD_STM32F072RB Debug/Obj/system_stm32f0xx.o

.debug_aranges  0x0000000000000000      0x410
 .debug_aranges
                0x0000000000000000       0x30 Output/audioSD_STM32F072RB Debug/Obj/main.o
 .debug_aranges
                0x0000000000000030       0x80 Output/audioSD_STM32F072RB Debug/Obj/thumb_crt0.o
 .debug_aranges
                0x00000000000000b0       0x20 Output/audioSD_STM32F072RB Debug/Obj/STM32F0xx_Startup.o
 .debug_aranges
                0x00000000000000d0       0x20 Output/audioSD_STM32F072RB Debug/Obj/STM32F0x2_Vectors.o
 .debug_aranges
                0x00000000000000f0       0x80 Output/audioSD_STM32F072RB Debug/Obj/stm32f0xx_gpio.o
 .debug_aranges
                0x0000000000000170      0x160 Output/audioSD_STM32F072RB Debug/Obj/stm32f0xx_rcc.o
 .debug_aranges
                0x00000000000002d0      0x110 Output/audioSD_STM32F072RB Debug/Obj/stm32f0xx_spi.o
 .debug_aranges
                0x00000000000003e0       0x30 Output/audioSD_STM32F072RB Debug/Obj/system_stm32f0xx.o

.debug_ranges   0x0000000000000000      0x378
 .debug_ranges  0x0000000000000000       0x20 Output/audioSD_STM32F072RB Debug/Obj/main.o
 .debug_ranges  0x0000000000000020       0x78 Output/audioSD_STM32F072RB Debug/Obj/thumb_crt0.o
 .debug_ranges  0x0000000000000098       0x70 Output/audioSD_STM32F072RB Debug/Obj/stm32f0xx_gpio.o
 .debug_ranges  0x0000000000000108      0x150 Output/audioSD_STM32F072RB Debug/Obj/stm32f0xx_rcc.o
 .debug_ranges  0x0000000000000258      0x100 Output/audioSD_STM32F072RB Debug/Obj/stm32f0xx_spi.o
 .debug_ranges  0x0000000000000358       0x20 Output/audioSD_STM32F072RB Debug/Obj/system_stm32f0xx.o

.debug_macro    0x0000000000000000     0x90ce
 .debug_macro   0x0000000000000000       0xd0 Output/audioSD_STM32F072RB Debug/Obj/main.o
 .debug_macro   0x00000000000000d0       0x78 Output/audioSD_STM32F072RB Debug/Obj/main.o
 .debug_macro   0x0000000000000148       0x28 Output/audioSD_STM32F072RB Debug/Obj/main.o
 .debug_macro   0x0000000000000170       0x8d Output/audioSD_STM32F072RB Debug/Obj/main.o
 .debug_macro   0x00000000000001fd      0x1a3 Output/audioSD_STM32F072RB Debug/Obj/main.o
 .debug_macro   0x00000000000003a0       0x34 Output/audioSD_STM32F072RB Debug/Obj/main.o
 .debug_macro   0x00000000000003d4       0x26 Output/audioSD_STM32F072RB Debug/Obj/main.o
 .debug_macro   0x00000000000003fa      0x30d Output/audioSD_STM32F072RB Debug/Obj/main.o
 .debug_macro   0x0000000000000707     0x632a Output/audioSD_STM32F072RB Debug/Obj/main.o
 .debug_macro   0x0000000000006a31      0x17f Output/audioSD_STM32F072RB Debug/Obj/main.o
 .debug_macro   0x0000000000006bb0      0x471 Output/audioSD_STM32F072RB Debug/Obj/main.o
 .debug_macro   0x0000000000007021      0x561 Output/audioSD_STM32F072RB Debug/Obj/main.o
 .debug_macro   0x0000000000007582      0x396 Output/audioSD_STM32F072RB Debug/Obj/main.o
 .debug_macro   0x0000000000007918      0x750 Output/audioSD_STM32F072RB Debug/Obj/main.o
 .debug_macro   0x0000000000008068       0xb9 Output/audioSD_STM32F072RB Debug/Obj/stm32f0xx_gpio.o
 .debug_macro   0x0000000000008121      0x46b Output/audioSD_STM32F072RB Debug/Obj/stm32f0xx_gpio.o
 .debug_macro   0x000000000000858c       0xd7 Output/audioSD_STM32F072RB Debug/Obj/stm32f0xx_rcc.o
 .debug_macro   0x0000000000008663      0x55b Output/audioSD_STM32F072RB Debug/Obj/stm32f0xx_rcc.o
 .debug_macro   0x0000000000008bbe       0xd1 Output/audioSD_STM32F072RB Debug/Obj/stm32f0xx_spi.o
 .debug_macro   0x0000000000008c8f      0x390 Output/audioSD_STM32F072RB Debug/Obj/stm32f0xx_spi.o
 .debug_macro   0x000000000000901f       0xaf Output/audioSD_STM32F072RB Debug/Obj/system_stm32f0xx.o

.debug_line     0x0000000000000000     0x210d
 .debug_line    0x0000000000000000      0x473 Output/audioSD_STM32F072RB Debug/Obj/main.o
 .debug_line    0x0000000000000473      0x205 Output/audioSD_STM32F072RB Debug/Obj/thumb_crt0.o
 .debug_line    0x0000000000000678       0xbf Output/audioSD_STM32F072RB Debug/Obj/STM32F0xx_Startup.o
 .debug_line    0x0000000000000737       0xd1 Output/audioSD_STM32F072RB Debug/Obj/STM32F0x2_Vectors.o
 .debug_line    0x0000000000000808      0x4d0 Output/audioSD_STM32F072RB Debug/Obj/stm32f0xx_gpio.o
 .debug_line    0x0000000000000cd8      0x992 Output/audioSD_STM32F072RB Debug/Obj/stm32f0xx_rcc.o
 .debug_line    0x000000000000166a      0x723 Output/audioSD_STM32F072RB Debug/Obj/stm32f0xx_spi.o
 .debug_line    0x0000000000001d8d      0x380 Output/audioSD_STM32F072RB Debug/Obj/system_stm32f0xx.o

.debug_str      0x0000000000000000    0x35bc7
 .debug_str     0x0000000000000000    0x34cd2 Output/audioSD_STM32F072RB Debug/Obj/main.o
                                      0x34e50 (size before relaxing)
 .debug_str     0x0000000000034cd2       0x72 Output/audioSD_STM32F072RB Debug/Obj/thumb_crt0.o
                                         0xc9 (size before relaxing)
 .debug_str     0x0000000000034d44       0x7c Output/audioSD_STM32F072RB Debug/Obj/STM32F0xx_Startup.o
                                         0xe1 (size before relaxing)
 .debug_str     0x0000000000034dc0       0x7c Output/audioSD_STM32F072RB Debug/Obj/STM32F0x2_Vectors.o
                                         0xe1 (size before relaxing)
 .debug_str     0x0000000000034e3c      0x1ab Output/audioSD_STM32F072RB Debug/Obj/stm32f0xx_gpio.o
                                      0x345df (size before relaxing)
 .debug_str     0x0000000000034fe7      0x6cd Output/audioSD_STM32F072RB Debug/Obj/stm32f0xx_rcc.o
                                      0x349b0 (size before relaxing)
 .debug_str     0x00000000000356b4      0x458 Output/audioSD_STM32F072RB Debug/Obj/stm32f0xx_spi.o
                                      0x34916 (size before relaxing)
 .debug_str     0x0000000000035b0c       0xbb Output/audioSD_STM32F072RB Debug/Obj/system_stm32f0xx.o
                                      0x343da (size before relaxing)

.comment        0x0000000000000000       0x47
 .comment       0x0000000000000000       0x47 Output/audioSD_STM32F072RB Debug/Obj/main.o
                                         0x48 (size before relaxing)
 .comment       0x0000000000000047       0x48 Output/audioSD_STM32F072RB Debug/Obj/stm32f0xx_gpio.o
 .comment       0x0000000000000047       0x48 Output/audioSD_STM32F072RB Debug/Obj/stm32f0xx_rcc.o
 .comment       0x0000000000000047       0x48 Output/audioSD_STM32F072RB Debug/Obj/stm32f0xx_spi.o
 .comment       0x0000000000000047       0x48 Output/audioSD_STM32F072RB Debug/Obj/system_stm32f0xx.o

.ARM.attributes
                0x0000000000000000       0x2f
 .ARM.attributes
                0x0000000000000000       0x31 Output/audioSD_STM32F072RB Debug/Obj/main.o
 .ARM.attributes
                0x0000000000000031       0x21 Output/audioSD_STM32F072RB Debug/Obj/thumb_crt0.o
 .ARM.attributes
                0x0000000000000052       0x21 Output/audioSD_STM32F072RB Debug/Obj/STM32F0xx_Startup.o
 .ARM.attributes
                0x0000000000000073       0x21 Output/audioSD_STM32F072RB Debug/Obj/STM32F0x2_Vectors.o
 .ARM.attributes
                0x0000000000000094       0x31 Output/audioSD_STM32F072RB Debug/Obj/stm32f0xx_gpio.o
 .ARM.attributes
                0x00000000000000c5       0x31 Output/audioSD_STM32F072RB Debug/Obj/stm32f0xx_rcc.o
 .ARM.attributes
                0x00000000000000f6       0x31 Output/audioSD_STM32F072RB Debug/Obj/stm32f0xx_spi.o
 .ARM.attributes
                0x0000000000000127       0x31 Output/audioSD_STM32F072RB Debug/Obj/system_stm32f0xx.o
